FanPump.c:28:6:InitFanPump	8	static
FanPump.c:39:6:ReadFanControl	16	static
FanPump.c:80:6:TurnOnFanPump	8	static
FanPump.c:87:6:TurnOffFanPump	8	static
FanPump.c:94:6:AdjustBlowerFanControl	16	static
FanPump.c:103:6:SpeedUpFan	16	static
FanPump.c:115:6:SpeedDownFan	16	static
FanPump.c:128:6:SetPanSpeed	24	static
FanPump.c:136:6:SetFanPumpSpeedAllMin	8	static
FanPump.c:140:6:SetFanPumpSpeedAllMid	8	static
FanPump.c:146:6:SetFanPumpSpeedAllMax	8	static
FanPump.c:150:6:SetFanPumpSpeedAll	16	static
