FanPump.c:27:6:InitFanPump	8	static
FanPump.c:44:6:ReadFanControl	16	static
FanPump.c:85:6:TurnOnFanPump	8	static
FanPump.c:92:6:TurnOffFanPump	8	static
FanPump.c:99:6:AdjustBlowerFanControl	16	static
FanPump.c:113:6:SpeedUpFan	24	static
FanPump.c:142:6:SpeedDownFan	24	static
FanPump.c:171:6:SetPanSpeed	24	static
FanPump.c:191:6:SetFanPumpSpeedAllMin	8	static
FanPump.c:198:6:SetFanPumpSpeedAllMin2	8	static
FanPump.c:206:6:SetFanPumpSpeedAllMax	8	static
FanPump.c:213:6:SetFanPumpSpeedAll	16	static
