lcd.c:243:6:InitLCD	8	static
lcd.c:258:6:InitDisplayValues	8	static
lcd.c:283:6:LCD_Process	16	static
lcd.c:310:6:LCD_Function_Process	16	static
lcd.c:364:6:MaintenanceButton	352	static
lcd.c:551:6:DisplayTestComplete	8	static
lcd.c:648:6:DeveloperButton	176	static
lcd.c:1186:6:DisplayDeveloperPage	8	static
lcd.c:1199:6:DisplaySerialNumberblank	24	static
lcd.c:1204:6:DisplayHardwareVersion	32	static
lcd.c:1266:6:DisplayPeri1_15_Value	24	static
lcd.c:1277:6:DisplayTempPeri1_15_Value	24	static
lcd.c:1288:6:DisplayPeri2_15_Value	24	static
lcd.c:1299:6:DisplayTempPeri2_15_Value	24	static
lcd.c:1310:6:DisplayPeri1_12_Value	24	static
lcd.c:1321:6:DisplayTempPeri1_12_Value	24	static
lcd.c:1332:6:DisplayPeri2_12_Value	24	static
lcd.c:1343:6:DisplayTempPeri2_12_Value	24	static
lcd.c:1354:6:DisplayPeri1_9_Value	24	static
lcd.c:1365:6:DisplayTempPeri1_9_Value	24	static
lcd.c:1376:6:DisplayPeri2_9_Value	24	static
lcd.c:1387:6:DisplayTempPeri2_9_Value	24	static
lcd.c:1429:6:DoActionButton	16	static
lcd.c:1533:6:LoginFuntionButton	72	static
lcd.c:1692:6:SettingButton	80	static
lcd.c:1920:6:StartButtonProcess	56	static
lcd.c:1959:6:LCD_SetValues	104	static
lcd.c:2047:6:LCD_Password	16	static
lcd.c:2132:6:PasswordCheck	16	static
lcd.c:2147:6:LoginProcess	88	static
lcd.c:2186:6:DisplayFirstPage	8	static
lcd.c:2198:6:DisplayStatus	8	static
lcd.c:2219:6:DisplayPreHeatTime	8	static
lcd.c:2223:6:DisplaySprayTime	8	static
lcd.c:2227:6:DisplaySterileTime	8	static
lcd.c:2231:6:DisplayScrubTime	8	static
lcd.c:2235:6:DisplayFinishTime	8	static
lcd.c:2239:6:DisplayTotalTime	8	static
lcd.c:2244:6:DisplayTestTime	8	static
lcd.c:2249:6:DisplayTime	24	static
lcd.c:2261:6:DisplayCubic	8	static
lcd.c:2265:6:DisplayBoardTemperature	8	static
lcd.c:2269:6:DisplayModuleTemperature	8	static
lcd.c:2273:6:DisplayHuminity	8	static
lcd.c:2277:6:DisplayInjectionPerMinute	8	static
lcd.c:2281:6:DisplayInjectionPerCubic	8	static
lcd.c:2285:6:DisplayDensity	8	static
lcd.c:2289:6:DisplayH2O2Volume	16	static
lcd.c:2303:6:DisplaySerialNumber	16	static
lcd.c:2370:6:DisplayModemNumber	16	static
lcd.c:2381:6:DisplayUserNumber	16	static
lcd.c:2391:6:DisplayUserNumberblank	8	static
lcd.c:2402:6:DisplayValue	24	static
lcd.c:2412:6:DisplayUserValue	24	static
lcd.c:2421:6:DisplayScrubPopUp	8	static,ignoring_inline_asm
lcd.c:2429:6:DisplayLoginStatus	8	static
lcd.c:2503:6:DisplayPage	16	static
lcd.c:2508:6:DisplayOperationPage	8	static
lcd.c:2512:6:DisplaySettingPage	8	static
lcd.c:2558:6:DisplayRunningPage	8	static
lcd.c:2565:6:DisplayModeIcon	16	static
lcd.c:2590:6:DisplayPreHeatIcon	16	static
lcd.c:2594:6:DisplaySprayIcon	16	static
lcd.c:2598:6:DisplaySterileIcon	16	static
lcd.c:2602:6:DisplayScrubIcon	16	static
lcd.c:2606:6:DisplayFinishIcon	16	static
lcd.c:2610:6:DisplayStartIcon	16	static
lcd.c:2614:6:DisplaySMSonoffIcon	16	static
lcd.c:2618:6:DisplayUSBSecurityonoffIcon	16	static
lcd.c:2622:6:DisplayServerSMSonoffIcon	16	static
lcd.c:2626:6:DisplayUSBIcon	16	static
lcd.c:2631:6:DisplayH2O2SensorIcon	16	static
lcd.c:2636:6:DisplayACCOUNTActiveIcon	8	static
lcd.c:2642:6:DisplayRESERVEATOINOnoffIcon	8	static
lcd.c:2645:6:DisplayLOGINOnoffIcon	8	static
lcd.c:2649:6:DisplayIcon	16	static
lcd.c:2655:6:DisplayIcon2	24	static
lcd.c:2663:6:DisplayErrorMessage	24	static,ignoring_inline_asm
lcd.c:2679:6:DisplayMsg	24	static,ignoring_inline_asm
lcd.c:2690:6:DisplayDebug	16	static
lcd.c:2700:6:DisplayVersion	16	static
lcd.c:2709:6:ReadRTC	24	static,ignoring_inline_asm
lcd.c:2732:6:SetRTCFromLCD	56	static
lcd.c:2751:6:DisplayLogListPage	16	static
lcd.c:2766:6:DisplayH2O2ListPage	16	static
lcd.c:2777:6:DisplayRFIDIDlog	16	static
lcd.c:2794:6:DisplayRFIDVolumelog	24	static
lcd.c:2805:6:DisplayRFIDDatelog	16	static
lcd.c:2831:6:DisplayAccountSettingPage	16	static
lcd.c:2847:6:DisplayAccountIDlog	16	static
lcd.c:2883:6:DisplayAccountPWlog	16	static
lcd.c:2894:6:DisplayAccountLastLoginlog	16	static
lcd.c:2904:6:DisplayAccountAttemptslog	16	static
lcd.c:2913:6:DisplayAccountStatuslog	16	static
lcd.c:2937:6:DisplayReserveSettings	8	static
lcd.c:2942:6:DisplayReserveTimePage	8	static
lcd.c:2947:6:DisplayReserveTime	8	static
lcd.c:2951:6:DisplayReservePopUp	128	static,ignoring_inline_asm
lcd.c:2971:6:LCD_31	16	static
lcd.c:3028:6:Display31page	8	static
lcd.c:3034:6:Displaystatuslog	16	static
lcd.c:3079:6:DisplayIDlog	16	static
lcd.c:3127:6:DisplayDatelog	40	static
lcd.c:3139:6:DisplayStartTimelog	40	static
lcd.c:3150:6:DisplayEndTimelog	40	static
lcd.c:3161:6:DisplayCubiclog	40	static
lcd.c:3174:6:DisplayPageValue	32	static
lcd.c:3183:6:DisplaySelectIcon	32	static
