lcd.c:259:6:InitLCD	8	static
lcd.c:274:6:InitDisplayValues	8	static
lcd.c:299:6:LCD_Process	16	static
lcd.c:374:6:LCD_Function_Process	16	static
lcd.c:429:6:MaintenanceButton	16	static
lcd.c:591:6:DisplayTestComplete	8	static
lcd.c:672:6:DeveloperButton	24	static
lcd.c:962:6:DisplayDeveloperPage	8	static
lcd.c:975:6:DisplaySerialNumberblank	24	static
lcd.c:980:6:DisplayHardwareVersion	32	static
lcd.c:1071:6:DoActionButton	16	static
lcd.c:1187:6:LoginFuntionButton	16	static
lcd.c:1332:6:SettingButton	32	static
lcd.c:1533:6:StartButtonProcess	8	static
lcd.c:1588:6:LCD_SetValues	16	static
lcd.c:1692:6:LCD_Password	16	static
lcd.c:1777:6:PasswordCheck	16	static
lcd.c:1792:6:LoginProcess	64	static
lcd.c:1829:6:DisplayFirstPage	8	static
lcd.c:1841:6:DisplayStatus	8	static
lcd.c:1862:6:DisplayPreHeatTime	8	static
lcd.c:1866:6:DisplaySprayTime	8	static
lcd.c:1870:6:DisplaySterileTime	8	static
lcd.c:1874:6:DisplayScrubTime	8	static
lcd.c:1878:6:DisplayFinishTime	8	static
lcd.c:1882:6:DisplayTotalTime	8	static
lcd.c:1886:6:DisplayTestTime	8	static
lcd.c:1892:6:DisplayTime	32	static
lcd.c:1904:6:DisplayCubic	8	static
lcd.c:1908:6:DisplayBoardTemperature	8	static
lcd.c:1912:6:DisplayModuleTemperature	8	static
lcd.c:1916:6:DisplayHuminity	8	static
lcd.c:1920:6:DisplayInjectionPerMinute	8	static
lcd.c:1938:6:DisplayInjectionPerCubic	8	static
lcd.c:1943:6:DisplayDensity	8	static
lcd.c:1947:6:DisplayH2O2Volume	16	static
lcd.c:1966:6:DisplaySerialNumber	16	static
lcd.c:2042:6:DisplayModemNumber	16	static
lcd.c:2053:6:DisplayUserNumber	16	static
lcd.c:2063:6:DisplayUserNumberblank	8	static
lcd.c:2074:6:DisplayValue	24	static
lcd.c:2084:6:DisplayUserValue	24	static
lcd.c:2093:6:DisplayScrubPopUp	8	static,ignoring_inline_asm
lcd.c:2101:6:DisplayLoginStatus	8	static
lcd.c:2175:6:DisplayPage	16	static
lcd.c:2180:6:DisplayOperationPage	8	static
lcd.c:2184:6:DisplaySettingPage	8	static
lcd.c:2230:6:DisplayRunningPage	8	static
lcd.c:2237:6:DisplayModeIcon	16	static
lcd.c:2262:6:DisplayPreHeatIcon	16	static
lcd.c:2266:6:DisplaySprayIcon	16	static
lcd.c:2270:6:DisplaySterileIcon	16	static
lcd.c:2274:6:DisplayScrubIcon	16	static
lcd.c:2278:6:DisplayFinishIcon	16	static
lcd.c:2282:6:DisplayStartIcon	16	static
lcd.c:2286:6:DisplaySMSonoffIcon	16	static
lcd.c:2290:6:DisplayUSBSecurityonoffIcon	16	static
lcd.c:2294:6:DisplayServerSMSonoffIcon	16	static
lcd.c:2298:6:DisplayUSBIcon	16	static
lcd.c:2303:6:DisplayH2O2SensorIcon	16	static
lcd.c:2308:6:DisplayACCOUNTActiveIcon	8	static
lcd.c:2314:6:DisplayRESERVEATOINOnoffIcon	8	static
lcd.c:2317:6:DisplayLOGINOnoffIcon	8	static
lcd.c:2321:6:DisplayIcon	16	static
lcd.c:2327:6:DisplayIcon2	24	static
lcd.c:2335:6:DisplayPopUpMessage	16	static,ignoring_inline_asm
lcd.c:2341:6:DisplayMsg	24	static,ignoring_inline_asm
lcd.c:2352:6:DisplayDebug	16	static
lcd.c:2357:6:DisplayVersion	16	static
lcd.c:2366:6:ReadRTC	24	static,ignoring_inline_asm
lcd.c:2389:6:SetRTCFromLCD	56	static
lcd.c:2408:6:DisplayLogListPage	16	static
lcd.c:2423:6:DisplayH2O2ListPage	16	static
lcd.c:2434:6:DisplayRFIDIDlog	16	static
lcd.c:2451:6:DisplayRFIDVolumelog	24	static
lcd.c:2462:6:DisplayRFIDDatelog	16	static
lcd.c:2488:6:DisplayAccountSettingPage	16	static
lcd.c:2504:6:DisplayAccountIDlog	16	static
lcd.c:2540:6:DisplayAccountPWlog	16	static
lcd.c:2551:6:DisplayAccountLastLoginlog	16	static
lcd.c:2561:6:DisplayAccountAttemptslog	16	static
lcd.c:2570:6:DisplayAccountStatuslog	16	static
lcd.c:2594:6:DisplayReserveSettings	8	static
lcd.c:2599:6:DisplayReserveTimePage	8	static
lcd.c:2604:6:DisplayReserveTime	8	static
lcd.c:2608:6:DisplayReservePopUp	128	static,ignoring_inline_asm
lcd.c:2630:6:LCD_31	16	static
lcd.c:2687:6:Display31page	8	static
lcd.c:2693:6:Displaystatuslog	16	static
lcd.c:2738:6:DisplayIDlog	16	static
lcd.c:2786:6:DisplayDatelog	40	static
lcd.c:2798:6:DisplayStartTimelog	40	static
lcd.c:2809:6:DisplayEndTimelog	40	static
lcd.c:2820:6:DisplayCubiclog	40	static
lcd.c:2832:6:DisplaySelectIcon	32	static
lcd.c:2842:6:DisplaySolutionCheckPopUp	128	static,ignoring_inline_asm
lcd.c:2862:6:LCD_06	16	static
lcd.c:2879:6:LCD_07	16	static
lcd.c:2904:6:Display06page	8	static
lcd.c:2927:6:LCD_51	16	static
lcd.c:3084:6:LCD_52	16	static
lcd.c:3166:6:LCD_53	16	static
lcd.c:3207:6:LCD_54	16	static
lcd.c:3235:6:LCD_55	16	static
lcd.c:3254:6:LCD_56	16	static
lcd.c:3281:6:Display51page	8	static
lcd.c:3295:6:Display52page	8	static
lcd.c:3302:6:Display53page	8	static
lcd.c:3312:6:Display54page	4	static
lcd.c:3315:6:Display55page	8	static
lcd.c:3320:6:DisplayPageValue	32	static
lcd.c:3330:6:DisplayPage4Char	40	static
lcd.c:3342:6:DisplayPage8Char	40	static
lcd.c:3358:6:DisplayPage10Char	40	static
