process.c:134:6:InitProcess	16	static
process.c:173:6:ReCalcTime	16	static
process.c:215:5:H2O2Check	8	static
process.c:236:6:H2O2Read	24	static
process.c:267:6:StartProcess	8	static
process.c:295:6:EndProcess	8	static
process.c:343:6:CancelProcess	8	static
process.c:365:6:ProcessEndTimer	8	static
process.c:435:6:ProcessTestEndTimer	8	static
process.c:598:6:CentiSecondProcess	4	static
process.c:603:6:DeliSecondProcess	8	static
process.c:629:6:HalfSecondProcess	8	static
process.c:635:6:OneSecondProcess	8	static
process.c:672:6:FiveSecondProcess	8	static
process.c:687:6:SaveLog	48	static
process.c:702:6:SaveUsbLog	40	static
process.c:732:6:TestSaveUsbLog	32	static
process.c:768:6:SaveStartLog	32	static
process.c:781:6:SaveEndLog	32	static
process.c:793:6:SavePPM	16	static
process.c:802:6:SaveFinishTime	48	static
process.c:829:15:TimeConvert	24	static
process.c:841:6:TimeCounterProcess	4	static
process.c:881:6:CheckHour6	32	static
process.c:894:6:OneMinuteProcess	8	static
process.c:947:6:TenMinuteProcess	8	static
process.c:976:6:FiveMinuteProcess	8	static
process.c:984:6:OneHourProcess	8	static
process.c:1022:6:TwoHourProcess	16	static
process.c:1025:6:FiveHourProcess	8	static
process.c:1030:6:PreHeatOneMinuteProcess	8	static
process.c:1040:6:SprayProcess	8	static
process.c:1064:6:SterileProcess	8	static
process.c:1077:6:SterileMiddleProcess	8	static
process.c:1085:6:SterileEndProcess	8	static
process.c:1095:6:ScrubProcess	8	static
process.c:1104:6:FinishProcess	8	static
process.c:1118:6:DeviceSettingReset	8	static
process.c:1121:6:DeviceSettingResetAll	8	static
process.c:1126:6:SaveCancelLog	32	static
process.c:1132:6:SaveActionLog	32	static
process.c:1139:6:SaveStartLogFlash	24	static
process.c:1184:6:SaveEndLogFlash	24	static
process.c:1214:6:RFIDCompare	24	static
process.c:1245:6:RFIDDataLoad	4	static
process.c:1272:6:SaveLastLoginLog	48	static
process.c:1280:6:ReserveProcess	4	static
process.c:1283:6:SaveExpectFinishTime	48	static
process.c:1311:6:SaveReserveTime	48	static
