Process.c:126:6:InitProcess	16	static
Process.c:166:6:ReCalcTime	16	static
Process.c:190:5:H2O2Check	96	static
Process.c:214:6:H2O2Read	72	static
Process.c:247:6:StartProcess	8	static
Process.c:275:6:EndProcess	8	static
Process.c:310:6:CancelProcess	8	static
Process.c:336:6:ProcessEndTimer	8	static
Process.c:404:6:ProcessTestEndTimer	8	static
Process.c:545:6:CentiSecondProcess	4	static
Process.c:550:6:DeliSecondProcess	8	static
Process.c:577:6:HalfSecondProcess	8	static
Process.c:583:6:OneSecondProcess	8	static
Process.c:614:6:FiveSecondProcess	8	static
Process.c:622:6:SaveLog	48	static
Process.c:636:6:SaveUsbLog	40	static
Process.c:662:6:TestSaveUsbLog	32	static
Process.c:698:6:SaveStartLog	32	static
Process.c:711:6:SaveEndLog	32	static
Process.c:723:6:SavePPM	16	static
Process.c:732:6:SaveFinishTime	48	static
Process.c:759:15:TimeConvert	24	static
Process.c:771:6:TimeCounterProcess	4	static
Process.c:811:6:CheckHour6	32	static
Process.c:824:6:OneMinuteProcess	8	static
Process.c:875:6:TenMinuteProcess	8	static
Process.c:904:6:FiveMinuteProcess	8	static
Process.c:912:6:OneHourProcess	8	static
Process.c:950:6:TwoHourProcess	16	static
Process.c:953:6:FiveHourProcess	8	static
Process.c:958:6:PreHeatOneMinuteProcess	8	static
Process.c:968:6:SprayProcess	8	static
Process.c:992:6:SterileProcess	8	static
Process.c:1005:6:SterileMiddleProcess	8	static
Process.c:1013:6:SterileEndProcess	8	static
Process.c:1023:6:ScrubProcess	8	static
Process.c:1032:6:FinishProcess	8	static
Process.c:1046:6:DeviceSettingReset	8	static
Process.c:1049:6:DeviceSettingResetAll	8	static
Process.c:1054:6:SaveCancelLog	32	static
Process.c:1060:6:SaveActionLog	32	static
Process.c:1067:6:SaveStartLogFlash	24	static
Process.c:1112:6:SaveEndLogFlash	24	static
Process.c:1142:6:RFIDCompare	24	static
Process.c:1173:6:RFIDDataLoad	4	static
Process.c:1200:6:SaveLastLoginLog	48	static
Process.c:1208:6:ReserveProcess	4	static
Process.c:1211:6:SaveExpectFinishTime	48	static
Process.c:1239:6:SaveReserveTime	48	static
