rfid.c:183:6:InitRFID	8	static
rfid.c:193:10:ReadRFID	40	static
rfid.c:249:6:MFRC522_Init	16	static
rfid.c:324:6:MFRC522_WriteReg	24	static
rfid.c:354:6:MFRC522_WriteBufReg	24	static
rfid.c:390:9:MFRC522_ReadReg	24	static
rfid.c:427:6:MFRC522_SoftReset	8	static
rfid.c:438:6:SetBitMask	24	static
rfid.c:451:6:ClearBitMask	24	static
rfid.c:464:6:AntennaOn	16	static
rfid.c:482:6:AntennaOff	8	static
rfid.c:536:5:MFRC522_SelfTest	112	static
rfid.c:620:5:MFRC522_Setup	24	static
rfid.c:665:5:MFRC522_Check	24	static
rfid.c:683:5:MFRC522_Compare	24	static
rfid.c:694:5:MFRC522_Request	32	static
rfid.c:713:5:MFRC522_ToCard	48	static
rfid.c:809:5:MFRC522_Anticoll	32	static
rfid.c:835:6:MFRC522_CalculateCRC	40	static
rfid.c:861:9:MFRC522_SelectTag	72	static
rfid.c:886:5:MFRC522_Auth	56	static
rfid.c:913:5:MFRC522_Read	32	static
rfid.c:930:5:MFRC522_Write	56	static
rfid.c:971:6:MFRC522_Halt	24	static
rfid.c:984:6:MFRC522_WakeUp	24	static
rfid.c:1001:7:MFRC522_TypeToString	16	static
rfid.c:1006:5:MFRC522_ParseType	16	static
