main.c:116:5:main	8	static
main.c:215:6:SystemClock_Config	104	static
main.c:265:13:MX_NVIC_Init	8	static
main.c:283:13:MX_ADC1_Init	24	static
main.c:365:13:MX_CRC_Init	8	static
main.c:391:13:MX_I2C1_Init	8	static
main.c:425:13:MX_I2C3_Init	8	static
main.c:461:13:MX_RTC_Init	32	static
main.c:523:13:MX_SPI1_Init	8	static
main.c:561:13:MX_TIM2_Init	64	static
main.c:638:13:MX_TIM3_Init	64	static
main.c:733:13:MX_TIM5_Init	64	static
main.c:804:13:MX_TIM7_Init	16	static
main.c:848:13:MX_TIM8_Init	96	static
main.c:940:13:MX_UART4_Init	8	static
main.c:973:13:MX_USART1_UART_Init	8	static
main.c:1006:13:MX_USART3_UART_Init	8	static
main.c:1037:13:MX_DMA_Init	16	static
main.c:1055:13:MX_GPIO_Init	48	static
main.c:1176:6:Error_Handler	4	static
