main.c:116:5:main	8	static
main.c:216:6:SystemClock_Config	104	static
main.c:266:13:MX_NVIC_Init	8	static
main.c:284:13:MX_ADC1_Init	24	static
main.c:366:13:MX_CRC_Init	8	static
main.c:392:13:MX_I2C1_Init	8	static
main.c:426:13:MX_I2C3_Init	8	static
main.c:462:13:MX_RTC_Init	32	static
main.c:524:13:MX_SPI1_Init	8	static
main.c:562:13:MX_TIM2_Init	64	static
main.c:639:13:MX_TIM3_Init	64	static
main.c:734:13:MX_TIM5_Init	64	static
main.c:805:13:MX_TIM7_Init	16	static
main.c:849:13:MX_TIM8_Init	96	static
main.c:941:13:MX_UART4_Init	8	static
main.c:974:13:MX_USART1_UART_Init	8	static
main.c:1007:13:MX_USART3_UART_Init	8	static
main.c:1038:13:MX_DMA_Init	16	static
main.c:1055:13:MX_GPIO_Init	48	static
main.c:1176:6:Error_Handler	4	static
